******************************************************************************
                  MSP430 Linker PC v16.9.1                     
******************************************************************************
>> Linked Mon Mar 20 19:11:33 2017

OUTPUT FILE NAME:   <GPRS on msp430g2955.out>
ENTRY POINT SYMBOL: "_c_int00_noargs_noexit"  address: 00002912


MEMORY CONFIGURATION

         name            origin    length      used     unused   attr    fill
----------------------  --------  ---------  --------  --------  ----  --------
  SFR                   00000000   00000010  00000000  00000010  RWIX
  PERIPHERALS_8BIT      00000010   000000f0  00000000  000000f0  RWIX
  PERIPHERALS_16BIT     00000100   00000100  00000000  00000100  RWIX
  INFOD                 00001000   00000040  00000000  00000040  RWIX
  INFOC                 00001040   00000040  00000000  00000040  RWIX
  INFOB                 00001080   00000040  00000000  00000040  RWIX
  INFOA                 000010c0   00000040  00000000  00000040  RWIX
  RAM                   00001100   00001000  00000458  00000ba8  RWIX
  FLASH                 00002100   0000dede  0000091e  0000d5c0  RWIX
  BSLSIGNATURE          0000ffde   00000002  00000002  00000000  RWIX  ffff 
  INT00                 0000ffe0   00000002  00000002  00000000  RWIX
  INT01                 0000ffe2   00000002  00000002  00000000  RWIX
  INT02                 0000ffe4   00000002  00000002  00000000  RWIX
  INT03                 0000ffe6   00000002  00000002  00000000  RWIX
  INT04                 0000ffe8   00000002  00000002  00000000  RWIX
  INT05                 0000ffea   00000002  00000002  00000000  RWIX
  INT06                 0000ffec   00000002  00000002  00000000  RWIX
  INT07                 0000ffee   00000002  00000002  00000000  RWIX
  INT08                 0000fff0   00000002  00000002  00000000  RWIX
  INT09                 0000fff2   00000002  00000002  00000000  RWIX
  INT10                 0000fff4   00000002  00000002  00000000  RWIX
  INT11                 0000fff6   00000002  00000002  00000000  RWIX
  INT12                 0000fff8   00000002  00000002  00000000  RWIX
  INT13                 0000fffa   00000002  00000002  00000000  RWIX
  INT14                 0000fffc   00000002  00000002  00000000  RWIX
  RESET                 0000fffe   00000002  00000002  00000000  RWIX


SECTION ALLOCATION MAP

 output                                  attributes/
section   page    origin      length       input sections
--------  ----  ----------  ----------   ----------------
.bss       0    00001100    00000406     UNINITIALIZED
                  00001100    00000200     (.common:RxBuffer_Uart)
                  00001300    00000200     (.common:TxBuffer_Uart)
                  00001500    00000002     (.common:TxBuffer_Uart_Head)
                  00001502    00000002     (.common:TxBuffer_Uart_Tail)
                  00001504    00000001     (.common:Flag33msOcured)
                  00001505    00000001     (.common:sendInProgress)

.data      0    00001506    00000002     UNINITIALIZED
                  00001506    00000002     uart.obj (.data)

.stack     0    000020b0    00000050     UNINITIALIZED
                  000020b0    00000002     rts430_eabi.lib : boot.obj (.stack)
                  000020b2    0000004e     --HOLE--

.text      0    00002100    000008f4     
                  00002100    00000222     printf.obj (.text:putInUartBuffer)
                  00002322    000000c4     rts430_eabi.lib : fs_mpy.obj (.text)
                  000023e6    0000008c                     : cvtdf.obj (.text:__mspabi_cvtdf)
                  00002472    00000084                     : autoinit_wdt.obj (.text:_auto_init_hold_wdt)
                  000024f6    0000007c                     : copy_decompress_lzss.obj (.text:decompress:lzss:__TI_decompress_lzss)
                  00002572    0000005a                     : cpy_tbl.obj (.text:copy_in)
                  000025cc    00000058                     : div32u.obj (.text)
                  00002624    0000004c                     : fs_toul.obj (.text)
                  00002670    0000004c                     : lsr16.obj (.text)
                  000026bc    0000004a     uart.obj (.text:Init_Uart)
                  00002706    0000004a     uart.obj (.text:Uart_RX_Interrupt)
                  00002750    00000046     rts430_eabi.lib : fs_tou.obj (.text)
                  00002796    0000003e                     : lsl32.obj (.text:l_lsl_const)
                  000027d4    00000034     interrupts.obj (.text:USCI0TX_ISR)
                  00002808    0000002c     rts430_eabi.lib : lsl16.obj (.text)
                  00002834    0000002c     uart.obj (.text:sendNextUartBufferElement_fromInterrupt)
                  00002860    00000028     uart.obj (.text:sendUartBuffer)
                  00002888    00000026     interrupts.obj (.text:USCIAB0RX_ISR)
                  000028ae    00000026     rts430_eabi.lib : mult32.obj (.text)
                  000028d4    00000024     main.obj (.text:main)
                  000028f8    0000001a     uart.obj (.text:Uart_RecalculateTail_Buffer)
                  00002912    0000001a     rts430_eabi.lib : boot_special.obj (.text:_c_int00_noargs_noexit)
                  0000292c    00000016                     : div16u.obj (.text)
                  00002942    00000014                     : copy_zero_init.obj (.text:decompress:ZI:__TI_zero_init)
                  00002956    00000014                     : mult16.obj (.text)
                  0000296a    00000012     system.obj (.text:configureFrequency)
                  0000297c    00000012     rts430_eabi.lib : copy_decompress_none.obj (.text:decompress:none:__TI_decompress_none)
                  0000298e    00000012                     : memcpy.obj (.text:memcpy)
                  000029a0    00000010     interrupts.obj (.text:Timer_A1)
                  000029b0    00000010     rts430_eabi.lib : epilog.obj (.text)
                  000029c0    0000000c     system.obj (.text:watchDogConfigure)
                  000029cc    00000008     rts430_eabi.lib : isr_trap.obj (.text:_isr:__TI_ISR_TRAP)
                  000029d4    00000008     system.obj (.text:watchdog_timer)
                  000029dc    00000006     rts430_eabi.lib : exit.obj (.text:abort)
                  000029e2    00000004     interrupts.obj (.text:ADC10_ISR)
                  000029e6    00000004     rts430_eabi.lib : pre_init.obj (.text:_system_pre_init)
                  000029ea    00000004     interrupts.obj (.text:port1_isr)
                  000029ee    00000004     interrupts.obj (.text:port2_isr)
                  000029f2    00000002     rts430_eabi.lib : startup.obj (.text:_system_post_cinit)

.binit     0    00002100    00000000     

.const     0    000029f4    00000012     
                  000029f4    0000000e     main.obj (.const:.string)
                  00002a02    00000004     uart.obj (.const:.string)

.cinit     0    00002a06    00000018     
                  00002a06    00000006     (.cinit..data.load) [load image]
                  00002a0c    00000006     (__TI_handler_table)
                  00002a12    00000004     (.cinit..bss.load) [load image, compression = zero_init]
                  00002a16    00000008     (__TI_cinit_table)

.init_array 
*          0    00002100    00000000     UNINITIALIZED

$fill000   0    0000ffde    00000002     
                  0000ffde    00000002     --HOLE-- [fill = ffff]

TIMER1_A1 
*          0    0000ffe0    00000002     
                  0000ffe0    00000002     interrupts.obj (.int00)

TIMER1_A0 
*          0    0000ffe2    00000002     
                  0000ffe2    00000002     rts430_eabi.lib : int01.obj (.int01)

PORT1      0    0000ffe4    00000002     
                  0000ffe4    00000002     interrupts.obj (.int02)

PORT2      0    0000ffe6    00000002     
                  0000ffe6    00000002     interrupts.obj (.int03)

TRAPINT    0    0000ffe8    00000002     
                  0000ffe8    00000002     rts430_eabi.lib : int04.obj (.int04)

ADC10      0    0000ffea    00000002     
                  0000ffea    00000002     interrupts.obj (.int05)

USCIAB0TX 
*          0    0000ffec    00000002     
                  0000ffec    00000002     interrupts.obj (.int06)

USCIAB0RX 
*          0    0000ffee    00000002     
                  0000ffee    00000002     interrupts.obj (.int07)

TIMER0_A1 
*          0    0000fff0    00000002     
                  0000fff0    00000002     rts430_eabi.lib : int08.obj (.int08)

TIMER0_A0 
*          0    0000fff2    00000002     
                  0000fff2    00000002     rts430_eabi.lib : int09.obj (.int09)

WDT        0    0000fff4    00000002     
                  0000fff4    00000002     system.obj (.int10)

COMPARATORA 
*          0    0000fff6    00000002     
                  0000fff6    00000002     rts430_eabi.lib : int11.obj (.int11)

TIMERB1    0    0000fff8    00000002     
                  0000fff8    00000002     rts430_eabi.lib : int12.obj (.int12)

TIMERB0    0    0000fffa    00000002     
                  0000fffa    00000002     rts430_eabi.lib : int13.obj (.int13)

NMI        0    0000fffc    00000002     
                  0000fffc    00000002     rts430_eabi.lib : int14.obj (.int14)

.reset     0    0000fffe    00000002     
                  0000fffe    00000002     rts430_eabi.lib : boot.obj (.reset)

MODULE SUMMARY

       Module                     code   ro data   rw data
       ------                     ----   -------   -------
    .\
       main.obj                   36     14        1030   
    +--+--------------------------+------+---------+---------+
       Total:                     36     14        1030   
                                                          
    .\library\
       printf.obj                 546    0         0      
       uart.obj                   258    4         2      
       interrupts.obj             118    12        0      
       system.obj                 38     2         0      
    +--+--------------------------+------+---------+---------+
       Total:                     960    18        2      
                                                          
    C:\ti\ccsv7\tools\compiler\ti-cgt-msp430_16.9.1.LTS\lib\rts430_eabi.lib
       fs_mpy.obj                 196    0         0      
       cvtdf.obj                  140    0         0      
       autoinit_wdt.obj           132    0         0      
       copy_decompress_lzss.obj   124    0         0      
       cpy_tbl.obj                90     0         0      
       div32u.obj                 88     0         0      
       fs_toul.obj                76     0         0      
       lsr16.obj                  76     0         0      
       fs_tou.obj                 70     0         0      
       lsl32.obj                  62     0         0      
       lsl16.obj                  44     0         0      
       mult32.obj                 38     0         0      
       boot_special.obj           26     0         0      
       div16u.obj                 22     0         0      
       copy_zero_init.obj         20     0         0      
       mult16.obj                 20     0         0      
       copy_decompress_none.obj   18     0         0      
       memcpy.obj                 18     0         0      
       epilog.obj                 16     0         0      
       isr_trap.obj               8      0         0      
       exit.obj                   6      0         0      
       pre_init.obj               4      0         0      
       boot.obj                   0      2         0      
       int01.obj                  0      2         0      
       int04.obj                  0      2         0      
       int08.obj                  0      2         0      
       int09.obj                  0      2         0      
       int11.obj                  0      2         0      
       int12.obj                  0      2         0      
       int13.obj                  0      2         0      
       int14.obj                  0      2         0      
       startup.obj                2      0         0      
    +--+--------------------------+------+---------+---------+
       Total:                     1296   18        0      
                                                          
       Stack:                     0      0         80     
       Linker Generated:          0      24        0      
    +--+--------------------------+------+---------+---------+
       Grand Total:               2292   74        1112   


LINKER GENERATED COPY TABLES

__TI_cinit_table @ 00002a16 records: 2, size/record: 4, table size: 8
	.data: load addr=00002a06, load size=00000006 bytes, run addr=00001506, run size=00000002 bytes, compression=copy
	.bss: load addr=00002a12, load size=00000004 bytes, run addr=00001100, run size=00000406 bytes, compression=zero_init


LINKER GENERATED HANDLER TABLE

__TI_handler_table @ 00002a0c records: 3, size/record: 2, table size: 6
	index: 0, handler: __TI_zero_init
	index: 1, handler: __TI_decompress_lzss
	index: 2, handler: __TI_decompress_none


GLOBAL SYMBOLS: SORTED ALPHABETICALLY BY Name 

address   name                                   
-------   ----                                   
0000004a  ADC10AE0                               
0000004b  ADC10AE1                               
000001b0  ADC10CTL0                              
000001b2  ADC10CTL1                              
00000048  ADC10DTC0                              
00000049  ADC10DTC1                              
000001b4  ADC10MEM                               
000001bc  ADC10SA                                
000029e2  ADC10_ISR                              
00000057  BCSCTL1                                
00000058  BCSCTL2                                
00000053  BCSCTL3                                
000029dc  C$$EXIT                                
00000059  CACTL1                                 
0000005a  CACTL2                                 
000010fb  CALBC1_12MHZ                           
000010f9  CALBC1_16MHZ                           
000010ff  CALBC1_1MHZ                            
000010fd  CALBC1_8MHZ                            
000010fa  CALDCO_12MHZ                           
000010f8  CALDCO_16MHZ                           
000010fe  CALDCO_1MHZ                            
000010fc  CALDCO_8MHZ                            
0000005b  CAPD                                   
00000056  DCOCTL                                 
00000128  FCTL1                                  
0000012a  FCTL2                                  
0000012c  FCTL3                                  
00001504  Flag33msOcured                         
00000000  IE1                                    
00000001  IE2                                    
00000002  IFG1                                   
00000003  IFG2                                   
000026bc  Init_Uart                              
00000022  P1DIR                                  
00000025  P1IE                                   
00000024  P1IES                                  
00000023  P1IFG                                  
00000020  P1IN                                   
00000021  P1OUT                                  
00000027  P1REN                                  
00000026  P1SEL                                  
00000041  P1SEL2                                 
0000002a  P2DIR                                  
0000002d  P2IE                                   
0000002c  P2IES                                  
0000002b  P2IFG                                  
00000028  P2IN                                   
00000029  P2OUT                                  
0000002f  P2REN                                  
0000002e  P2SEL                                  
00000042  P2SEL2                                 
0000001a  P3DIR                                  
00000018  P3IN                                   
00000019  P3OUT                                  
00000010  P3REN                                  
0000001b  P3SEL                                  
00000043  P3SEL2                                 
0000001e  P4DIR                                  
0000001c  P4IN                                   
0000001d  P4OUT                                  
00000011  P4REN                                  
0000001f  P4SEL                                  
00000044  P4SEL2                                 
00001100  RxBuffer_Uart                          
00000172  TA0CCR0                                
00000174  TA0CCR1                                
00000176  TA0CCR2                                
00000162  TA0CCTL0                               
00000164  TA0CCTL1                               
00000166  TA0CCTL2                               
00000160  TA0CTL                                 
0000012e  TA0IV                                  
00000170  TA0R                                   
00000152  TA1CCR0                                
00000154  TA1CCR1                                
00000156  TA1CCR2                                
00000142  TA1CCTL0                               
00000144  TA1CCTL1                               
00000146  TA1CCTL2                               
00000140  TA1CTL                                 
0000011c  TA1IV                                  
00000150  TA1R                                   
00000192  TBCCR0                                 
00000194  TBCCR1                                 
00000196  TBCCR2                                 
00000182  TBCCTL0                                
00000184  TBCCTL1                                
00000186  TBCCTL2                                
00000180  TBCTL                                  
0000011e  TBIV                                   
00000190  TBR                                    
000010db  TLV_ADC10_1_LEN                        
000010da  TLV_ADC10_1_TAG                        
000010c0  TLV_CHECKSUM                           
000010f7  TLV_DCO_30_LEN                         
000010f6  TLV_DCO_30_TAG                         
000029a0  Timer_A1                               
00001300  TxBuffer_Uart                          
00001500  TxBuffer_Uart_Head                     
00001502  TxBuffer_Uart_Tail                     
0000005d  UCA0ABCTL                              
00000062  UCA0BR0                                
00000063  UCA0BR1                                
00000060  UCA0CTL0                               
00000061  UCA0CTL1                               
0000005f  UCA0IRRCTL                             
0000005e  UCA0IRTCTL                             
00000064  UCA0MCTL                               
00000066  UCA0RXBUF                              
00000065  UCA0STAT                               
00000067  UCA0TXBUF                              
0000006a  UCB0BR0                                
0000006b  UCB0BR1                                
00000068  UCB0CTL0                               
00000069  UCB0CTL1                               
0000006c  UCB0I2CIE                              
00000118  UCB0I2COA                              
0000011a  UCB0I2CSA                              
0000006e  UCB0RXBUF                              
0000006d  UCB0STAT                               
0000006f  UCB0TXBUF                              
000027d4  USCI0TX_ISR                            
00002888  USCIAB0RX_ISR                          
00002706  Uart_RX_Interrupt                      
000028f8  Uart_RecalculateTail_Buffer            
00000120  WDTCTL                                 
00002100  __STACK_END                            
00000050  __STACK_SIZE                           
UNDEFED   __TI_BINIT_Base                        
UNDEFED   __TI_BINIT_Limit                       
00002a16  __TI_CINIT_Base                        
00002a1e  __TI_CINIT_Limit                       
00002a0c  __TI_Handler_Table_Base                
00002a12  __TI_Handler_Table_Limit               
UNDEFED   __TI_INITARRAY_Base                    
UNDEFED   __TI_INITARRAY_Limit                   
000029cc  __TI_ISR_TRAP                          
000024f6  __TI_decompress_lzss                   
0000297c  __TI_decompress_none                   
0000ffe0  __TI_int00                             
0000ffe2  __TI_int01                             
0000ffe4  __TI_int02                             
0000ffe6  __TI_int03                             
0000ffe8  __TI_int04                             
0000ffea  __TI_int05                             
0000ffec  __TI_int06                             
0000ffee  __TI_int07                             
0000fff0  __TI_int08                             
0000fff2  __TI_int09                             
0000fff4  __TI_int10                             
0000fff6  __TI_int11                             
0000fff8  __TI_int12                             
0000fffa  __TI_int13                             
0000fffc  __TI_int14                             
ffffffff  __TI_pprof_out_hndl                    
ffffffff  __TI_prof_data_size                    
ffffffff  __TI_prof_data_start                   
00002942  __TI_zero_init                         
ffffffff  __c_args__                             
000023e6  __mspabi_cvtdf                         
0000292c  __mspabi_divu                          
000025cc  __mspabi_divul                         
00002750  __mspabi_fixfu                         
00002624  __mspabi_fixful                        
000029bc  __mspabi_func_epilog_1                 
000029ba  __mspabi_func_epilog_2                 
000029b8  __mspabi_func_epilog_3                 
000029b6  __mspabi_func_epilog_4                 
000029b4  __mspabi_func_epilog_5                 
000029b2  __mspabi_func_epilog_6                 
000029b0  __mspabi_func_epilog_7                 
00002322  __mspabi_mpyf                          
00002956  __mspabi_mpyi                          
00002956  __mspabi_mpyi_sw                       
000028ae  __mspabi_mpyl                          
000028ae  __mspabi_mpyl_sw                       
0000292c  __mspabi_remu                          
000025cc  __mspabi_remul                         
00002808  __mspabi_slli                          
00002830  __mspabi_slli_1                        
0000281e  __mspabi_slli_10                       
0000281c  __mspabi_slli_11                       
0000281a  __mspabi_slli_12                       
00002818  __mspabi_slli_13                       
00002816  __mspabi_slli_14                       
00002814  __mspabi_slli_15                       
0000282e  __mspabi_slli_2                        
0000282c  __mspabi_slli_3                        
0000282a  __mspabi_slli_4                        
00002828  __mspabi_slli_5                        
00002826  __mspabi_slli_6                        
00002824  __mspabi_slli_7                        
00002822  __mspabi_slli_8                        
00002820  __mspabi_slli_9                        
000027ce  __mspabi_slll_1                        
000027aa  __mspabi_slll_10                       
000027a6  __mspabi_slll_11                       
000027a2  __mspabi_slll_12                       
0000279e  __mspabi_slll_13                       
0000279a  __mspabi_slll_14                       
00002796  __mspabi_slll_15                       
000027ca  __mspabi_slll_2                        
000027c6  __mspabi_slll_3                        
000027c2  __mspabi_slll_4                        
000027be  __mspabi_slll_5                        
000027ba  __mspabi_slll_6                        
000027b6  __mspabi_slll_7                        
000027b2  __mspabi_slll_8                        
000027ae  __mspabi_slll_9                        
00002670  __mspabi_srli                          
000026b6  __mspabi_srli_1                        
00002692  __mspabi_srli_10                       
0000268e  __mspabi_srli_11                       
0000268a  __mspabi_srli_12                       
00002686  __mspabi_srli_13                       
00002682  __mspabi_srli_14                       
0000267e  __mspabi_srli_15                       
000026b2  __mspabi_srli_2                        
000026ae  __mspabi_srli_3                        
000026aa  __mspabi_srli_4                        
000026a6  __mspabi_srli_5                        
000026a2  __mspabi_srli_6                        
0000269e  __mspabi_srli_7                        
0000269a  __mspabi_srli_8                        
00002696  __mspabi_srli_9                        
00002472  _auto_init_hold_wdt                    
00002912  _c_int00_noargs_noexit                 
0000fffe  _reset_vector                          
000020b0  _stack                                 
000029f2  _system_post_cinit                     
000029e6  _system_pre_init                       
000029dc  abort                                  
0000296a  configureFrequency                     
00002572  copy_in                                
000028d4  main                                   
0000298e  memcpy                                 
000029ea  port1_isr                              
000029ee  port2_isr                              
00002100  putInUartBuffer                        
00001505  sendInProgress                         
00002834  sendNextUartBufferElement_fromInterrupt
00002860  sendUartBuffer                         
000029c0  watchDogConfigure                      
000029d4  watchdog_timer                         


GLOBAL SYMBOLS: SORTED BY Symbol Address 

address   name                                   
-------   ----                                   
00000000  IE1                                    
00000001  IE2                                    
00000002  IFG1                                   
00000003  IFG2                                   
00000010  P3REN                                  
00000011  P4REN                                  
00000018  P3IN                                   
00000019  P3OUT                                  
0000001a  P3DIR                                  
0000001b  P3SEL                                  
0000001c  P4IN                                   
0000001d  P4OUT                                  
0000001e  P4DIR                                  
0000001f  P4SEL                                  
00000020  P1IN                                   
00000021  P1OUT                                  
00000022  P1DIR                                  
00000023  P1IFG                                  
00000024  P1IES                                  
00000025  P1IE                                   
00000026  P1SEL                                  
00000027  P1REN                                  
00000028  P2IN                                   
00000029  P2OUT                                  
0000002a  P2DIR                                  
0000002b  P2IFG                                  
0000002c  P2IES                                  
0000002d  P2IE                                   
0000002e  P2SEL                                  
0000002f  P2REN                                  
00000041  P1SEL2                                 
00000042  P2SEL2                                 
00000043  P3SEL2                                 
00000044  P4SEL2                                 
00000048  ADC10DTC0                              
00000049  ADC10DTC1                              
0000004a  ADC10AE0                               
0000004b  ADC10AE1                               
00000050  __STACK_SIZE                           
00000053  BCSCTL3                                
00000056  DCOCTL                                 
00000057  BCSCTL1                                
00000058  BCSCTL2                                
00000059  CACTL1                                 
0000005a  CACTL2                                 
0000005b  CAPD                                   
0000005d  UCA0ABCTL                              
0000005e  UCA0IRTCTL                             
0000005f  UCA0IRRCTL                             
00000060  UCA0CTL0                               
00000061  UCA0CTL1                               
00000062  UCA0BR0                                
00000063  UCA0BR1                                
00000064  UCA0MCTL                               
00000065  UCA0STAT                               
00000066  UCA0RXBUF                              
00000067  UCA0TXBUF                              
00000068  UCB0CTL0                               
00000069  UCB0CTL1                               
0000006a  UCB0BR0                                
0000006b  UCB0BR1                                
0000006c  UCB0I2CIE                              
0000006d  UCB0STAT                               
0000006e  UCB0RXBUF                              
0000006f  UCB0TXBUF                              
00000118  UCB0I2COA                              
0000011a  UCB0I2CSA                              
0000011c  TA1IV                                  
0000011e  TBIV                                   
00000120  WDTCTL                                 
00000128  FCTL1                                  
0000012a  FCTL2                                  
0000012c  FCTL3                                  
0000012e  TA0IV                                  
00000140  TA1CTL                                 
00000142  TA1CCTL0                               
00000144  TA1CCTL1                               
00000146  TA1CCTL2                               
00000150  TA1R                                   
00000152  TA1CCR0                                
00000154  TA1CCR1                                
00000156  TA1CCR2                                
00000160  TA0CTL                                 
00000162  TA0CCTL0                               
00000164  TA0CCTL1                               
00000166  TA0CCTL2                               
00000170  TA0R                                   
00000172  TA0CCR0                                
00000174  TA0CCR1                                
00000176  TA0CCR2                                
00000180  TBCTL                                  
00000182  TBCCTL0                                
00000184  TBCCTL1                                
00000186  TBCCTL2                                
00000190  TBR                                    
00000192  TBCCR0                                 
00000194  TBCCR1                                 
00000196  TBCCR2                                 
000001b0  ADC10CTL0                              
000001b2  ADC10CTL1                              
000001b4  ADC10MEM                               
000001bc  ADC10SA                                
000010c0  TLV_CHECKSUM                           
000010da  TLV_ADC10_1_TAG                        
000010db  TLV_ADC10_1_LEN                        
000010f6  TLV_DCO_30_TAG                         
000010f7  TLV_DCO_30_LEN                         
000010f8  CALDCO_16MHZ                           
000010f9  CALBC1_16MHZ                           
000010fa  CALDCO_12MHZ                           
000010fb  CALBC1_12MHZ                           
000010fc  CALDCO_8MHZ                            
000010fd  CALBC1_8MHZ                            
000010fe  CALDCO_1MHZ                            
000010ff  CALBC1_1MHZ                            
00001100  RxBuffer_Uart                          
00001300  TxBuffer_Uart                          
00001500  TxBuffer_Uart_Head                     
00001502  TxBuffer_Uart_Tail                     
00001504  Flag33msOcured                         
00001505  sendInProgress                         
000020b0  _stack                                 
00002100  __STACK_END                            
00002100  putInUartBuffer                        
00002322  __mspabi_mpyf                          
000023e6  __mspabi_cvtdf                         
00002472  _auto_init_hold_wdt                    
000024f6  __TI_decompress_lzss                   
00002572  copy_in                                
000025cc  __mspabi_divul                         
000025cc  __mspabi_remul                         
00002624  __mspabi_fixful                        
00002670  __mspabi_srli                          
0000267e  __mspabi_srli_15                       
00002682  __mspabi_srli_14                       
00002686  __mspabi_srli_13                       
0000268a  __mspabi_srli_12                       
0000268e  __mspabi_srli_11                       
00002692  __mspabi_srli_10                       
00002696  __mspabi_srli_9                        
0000269a  __mspabi_srli_8                        
0000269e  __mspabi_srli_7                        
000026a2  __mspabi_srli_6                        
000026a6  __mspabi_srli_5                        
000026aa  __mspabi_srli_4                        
000026ae  __mspabi_srli_3                        
000026b2  __mspabi_srli_2                        
000026b6  __mspabi_srli_1                        
000026bc  Init_Uart                              
00002706  Uart_RX_Interrupt                      
00002750  __mspabi_fixfu                         
00002796  __mspabi_slll_15                       
0000279a  __mspabi_slll_14                       
0000279e  __mspabi_slll_13                       
000027a2  __mspabi_slll_12                       
000027a6  __mspabi_slll_11                       
000027aa  __mspabi_slll_10                       
000027ae  __mspabi_slll_9                        
000027b2  __mspabi_slll_8                        
000027b6  __mspabi_slll_7                        
000027ba  __mspabi_slll_6                        
000027be  __mspabi_slll_5                        
000027c2  __mspabi_slll_4                        
000027c6  __mspabi_slll_3                        
000027ca  __mspabi_slll_2                        
000027ce  __mspabi_slll_1                        
000027d4  USCI0TX_ISR                            
00002808  __mspabi_slli                          
00002814  __mspabi_slli_15                       
00002816  __mspabi_slli_14                       
00002818  __mspabi_slli_13                       
0000281a  __mspabi_slli_12                       
0000281c  __mspabi_slli_11                       
0000281e  __mspabi_slli_10                       
00002820  __mspabi_slli_9                        
00002822  __mspabi_slli_8                        
00002824  __mspabi_slli_7                        
00002826  __mspabi_slli_6                        
00002828  __mspabi_slli_5                        
0000282a  __mspabi_slli_4                        
0000282c  __mspabi_slli_3                        
0000282e  __mspabi_slli_2                        
00002830  __mspabi_slli_1                        
00002834  sendNextUartBufferElement_fromInterrupt
00002860  sendUartBuffer                         
00002888  USCIAB0RX_ISR                          
000028ae  __mspabi_mpyl                          
000028ae  __mspabi_mpyl_sw                       
000028d4  main                                   
000028f8  Uart_RecalculateTail_Buffer            
00002912  _c_int00_noargs_noexit                 
0000292c  __mspabi_divu                          
0000292c  __mspabi_remu                          
00002942  __TI_zero_init                         
00002956  __mspabi_mpyi                          
00002956  __mspabi_mpyi_sw                       
0000296a  configureFrequency                     
0000297c  __TI_decompress_none                   
0000298e  memcpy                                 
000029a0  Timer_A1                               
000029b0  __mspabi_func_epilog_7                 
000029b2  __mspabi_func_epilog_6                 
000029b4  __mspabi_func_epilog_5                 
000029b6  __mspabi_func_epilog_4                 
000029b8  __mspabi_func_epilog_3                 
000029ba  __mspabi_func_epilog_2                 
000029bc  __mspabi_func_epilog_1                 
000029c0  watchDogConfigure                      
000029cc  __TI_ISR_TRAP                          
000029d4  watchdog_timer                         
000029dc  C$$EXIT                                
000029dc  abort                                  
000029e2  ADC10_ISR                              
000029e6  _system_pre_init                       
000029ea  port1_isr                              
000029ee  port2_isr                              
000029f2  _system_post_cinit                     
00002a0c  __TI_Handler_Table_Base                
00002a12  __TI_Handler_Table_Limit               
00002a16  __TI_CINIT_Base                        
00002a1e  __TI_CINIT_Limit                       
0000ffe0  __TI_int00                             
0000ffe2  __TI_int01                             
0000ffe4  __TI_int02                             
0000ffe6  __TI_int03                             
0000ffe8  __TI_int04                             
0000ffea  __TI_int05                             
0000ffec  __TI_int06                             
0000ffee  __TI_int07                             
0000fff0  __TI_int08                             
0000fff2  __TI_int09                             
0000fff4  __TI_int10                             
0000fff6  __TI_int11                             
0000fff8  __TI_int12                             
0000fffa  __TI_int13                             
0000fffc  __TI_int14                             
0000fffe  _reset_vector                          
ffffffff  __TI_pprof_out_hndl                    
ffffffff  __TI_prof_data_size                    
ffffffff  __TI_prof_data_start                   
ffffffff  __c_args__                             
UNDEFED   __TI_BINIT_Base                        
UNDEFED   __TI_BINIT_Limit                       
UNDEFED   __TI_INITARRAY_Base                    
UNDEFED   __TI_INITARRAY_Limit                   

[245 symbols]
